INFO: [VRFC 10-2263] Analyzing Verilog file "E:/sakura-x/aes/first_order/low_resource_random_b/low_resource_random_b/low_resource_random_b.srcs/sources_1/new/aes_composite_enc.v" into library xil_defaultlib
INFO: [VRFC 10-311] analyzing module AES_Composite_enc
INFO: [VRFC 10-2263] Analyzing Verilog file "E:/sakura-x/aes/first_order/low_resource_random_b/low_resource_random_b/low_resource_random_b.srcs/sources_1/new/aes_ctrl_lsfr.v" into library xil_defaultlib
INFO: [VRFC 10-311] analyzing module aes_ctrl_lsfr
WARNING: [VRFC 10-3676] redeclaration of ansi port 'StateIDLExS' is not allowed [E:/sakura-x/aes/first_order/low_resource_random_b/low_resource_random_b/low_resource_random_b.srcs/sources_1/new/aes_ctrl_lsfr.v:66]
WARNING: [VRFC 10-3676] redeclaration of ansi port 'State1xS' is not allowed [E:/sakura-x/aes/first_order/low_resource_random_b/low_resource_random_b/low_resource_random_b.srcs/sources_1/new/aes_ctrl_lsfr.v:67]
WARNING: [VRFC 10-3676] redeclaration of ansi port 'StateKEYADDITION1o3xS' is not allowed [E:/sakura-x/aes/first_order/low_resource_random_b/low_resource_random_b/low_resource_random_b.srcs/sources_1/new/aes_ctrl_lsfr.v:68]
WARNING: [VRFC 10-3676] redeclaration of ansi port 'StateKEYADDITION2o3xS' is not allowed [E:/sakura-x/aes/first_order/low_resource_random_b/low_resource_random_b/low_resource_random_b.srcs/sources_1/new/aes_ctrl_lsfr.v:69]
WARNING: [VRFC 10-3676] redeclaration of ansi port 'StateKEYADDITION3o3xS' is not allowed [E:/sakura-x/aes/first_order/low_resource_random_b/low_resource_random_b/low_resource_random_b.srcs/sources_1/new/aes_ctrl_lsfr.v:70]
WARNING: [VRFC 10-3676] redeclaration of ansi port 'StateKEYSCHEDULExS' is not allowed [E:/sakura-x/aes/first_order/low_resource_random_b/low_resource_random_b/low_resource_random_b.srcs/sources_1/new/aes_ctrl_lsfr.v:71]
WARNING: [VRFC 10-3676] redeclaration of ansi port 'StateSHIFTROWSxS' is not allowed [E:/sakura-x/aes/first_order/low_resource_random_b/low_resource_random_b/low_resource_random_b.srcs/sources_1/new/aes_ctrl_lsfr.v:72]
WARNING: [VRFC 10-3676] redeclaration of ansi port 'doMixColumnsxS' is not allowed [E:/sakura-x/aes/first_order/low_resource_random_b/low_resource_random_b/low_resource_random_b.srcs/sources_1/new/aes_ctrl_lsfr.v:73]
WARNING: [VRFC 10-3676] redeclaration of ansi port 'StateSBOXxS' is not allowed [E:/sakura-x/aes/first_order/low_resource_random_b/low_resource_random_b/low_resource_random_b.srcs/sources_1/new/aes_ctrl_lsfr.v:74]
WARNING: [VRFC 10-3676] redeclaration of ansi port 'forthcylies1' is not allowed [E:/sakura-x/aes/first_order/low_resource_random_b/low_resource_random_b/low_resource_random_b.srcs/sources_1/new/aes_ctrl_lsfr.v:75]
WARNING: [VRFC 10-3676] redeclaration of ansi port 'forthcylies2' is not allowed [E:/sakura-x/aes/first_order/low_resource_random_b/low_resource_random_b/low_resource_random_b.srcs/sources_1/new/aes_ctrl_lsfr.v:76]
WARNING: [VRFC 10-3676] redeclaration of ansi port 'forthcylies3' is not allowed [E:/sakura-x/aes/first_order/low_resource_random_b/low_resource_random_b/low_resource_random_b.srcs/sources_1/new/aes_ctrl_lsfr.v:77]
WARNING: [VRFC 10-3676] redeclaration of ansi port 'forthcylies4' is not allowed [E:/sakura-x/aes/first_order/low_resource_random_b/low_resource_random_b/low_resource_random_b.srcs/sources_1/new/aes_ctrl_lsfr.v:78]
INFO: [VRFC 10-2263] Analyzing Verilog file "E:/sakura-x/aes/first_order/low_resource_random_b/low_resource_random_b/low_resource_random_b.srcs/sources_1/new/aes_key_regs.v" into library xil_defaultlib
INFO: [VRFC 10-311] analyzing module aes_key_regs
WARNING: [VRFC 10-3676] redeclaration of ansi port 'KeyOutxDO' is not allowed [E:/sakura-x/aes/first_order/low_resource_random_b/low_resource_random_b/low_resource_random_b.srcs/sources_1/new/aes_key_regs.v:35]
WARNING: [VRFC 10-3676] redeclaration of ansi port 'KeyToSboxOutxDO' is not allowed [E:/sakura-x/aes/first_order/low_resource_random_b/low_resource_random_b/low_resource_random_b.srcs/sources_1/new/aes_key_regs.v:36]
WARNING: [VRFC 10-3676] redeclaration of ansi port 'K03xDO' is not allowed [E:/sakura-x/aes/first_order/low_resource_random_b/low_resource_random_b/low_resource_random_b.srcs/sources_1/new/aes_key_regs.v:37]
INFO: [VRFC 10-2263] Analyzing Verilog file "E:/sakura-x/aes/first_order/low_resource_random_b/low_resource_random_b/low_resource_random_b.srcs/sources_1/new/aes_state_regs.v" into library xil_defaultlib
INFO: [VRFC 10-311] analyzing module aes_state_regs
WARNING: [VRFC 10-3676] redeclaration of ansi port 'StateOutxDO' is not allowed [E:/sakura-x/aes/first_order/low_resource_random_b/low_resource_random_b/low_resource_random_b.srcs/sources_1/new/aes_state_regs.v:30]
INFO: [VRFC 10-2263] Analyzing Verilog file "E:/sakura-x/aes/first_order/low_resource_random_b/low_resource_random_b/low_resource_random_b.srcs/sources_1/new/aes_top.v" into library xil_defaultlib
INFO: [VRFC 10-311] analyzing module aes_top
INFO: [VRFC 10-2263] Analyzing Verilog file "E:/sakura-x/aes/first_order/low_resource_random_b/low_resource_random_b/low_resource_random_b.srcs/sources_1/new/lbus_if.v" into library xil_defaultlib
INFO: [VRFC 10-311] analyzing module LBUS_IF
INFO: [VRFC 10-2263] Analyzing Verilog file "E:/sakura-x/aes/first_order/low_resource_random_b/low_resource_random_b/low_resource_random_b.srcs/sources_1/new/mix_columns.v" into library xil_defaultlib
INFO: [VRFC 10-311] analyzing module mix_columns
WARNING: [VRFC 10-3676] redeclaration of ansi port 'B0xDO' is not allowed [E:/sakura-x/aes/first_order/low_resource_random_b/low_resource_random_b/low_resource_random_b.srcs/sources_1/new/mix_columns.v:33]
WARNING: [VRFC 10-3676] redeclaration of ansi port 'B1xDO' is not allowed [E:/sakura-x/aes/first_order/low_resource_random_b/low_resource_random_b/low_resource_random_b.srcs/sources_1/new/mix_columns.v:34]
WARNING: [VRFC 10-3676] redeclaration of ansi port 'B2xDO' is not allowed [E:/sakura-x/aes/first_order/low_resource_random_b/low_resource_random_b/low_resource_random_b.srcs/sources_1/new/mix_columns.v:35]
WARNING: [VRFC 10-3676] redeclaration of ansi port 'B3xDO' is not allowed [E:/sakura-x/aes/first_order/low_resource_random_b/low_resource_random_b/low_resource_random_b.srcs/sources_1/new/mix_columns.v:36]
INFO: [VRFC 10-2263] Analyzing Verilog file "E:/sakura-x/aes/first_order/low_resource_random_b/low_resource_random_b/low_resource_random_b.srcs/sources_1/new/rcon.v" into library xil_defaultlib
INFO: [VRFC 10-311] analyzing module rcon
WARNING: [VRFC 10-3676] redeclaration of ansi port 'LastRoundxSO' is not allowed [E:/sakura-x/aes/first_order/low_resource_random_b/low_resource_random_b/low_resource_random_b.srcs/sources_1/new/rcon.v:32]
WARNING: [VRFC 10-3676] redeclaration of ansi port 'FinishedxSO' is not allowed [E:/sakura-x/aes/first_order/low_resource_random_b/low_resource_random_b/low_resource_random_b.srcs/sources_1/new/rcon.v:33]
WARNING: [VRFC 10-3676] redeclaration of ansi port 'RCONxDO' is not allowed [E:/sakura-x/aes/first_order/low_resource_random_b/low_resource_random_b/low_resource_random_b.srcs/sources_1/new/rcon.v:38]
INFO: [VRFC 10-2263] Analyzing Verilog file "E:/sakura-x/aes/first_order/low_resource_random_b/low_resource_random_b/low_resource_random_b.srcs/sources_1/new/sbox.v" into library xil_defaultlib
INFO: [VRFC 10-311] analyzing module sbox
INFO: [VRFC 10-2263] Analyzing Verilog file "E:/sakura-x/aes/first_order/low_resource_random_b/low_resource_random_b/low_resource_random_b.srcs/sources_1/new/chip_sasebo_giii_aes.v" into library xil_defaultlib
INFO: [VRFC 10-311] analyzing module CHIP_SASEBO_GIII_AES
INFO: [VRFC 10-311] analyzing module MK_CLKRST
INFO: [VRFC 10-311] analyzing module MK_RST
INFO: [VRFC 10-2263] Analyzing Verilog file "E:/sakura-x/aes/first_order/low_resource_random_b/low_resource_random_b/low_resource_random_b.sim/sim_1/behav/xsim/glbl.v" into library xil_defaultlib
INFO: [VRFC 10-311] analyzing module glbl
