Copyright 1986-2021 Xilinx, Inc. All Rights Reserved.
-------------------------------------------------------------------------------------------------
| Tool Version : Vivado v.2021.2 (win64) Build 3367213 Tue Oct 19 02:48:09 MDT 2021
| Date         : Wed Nov 20 21:55:55 2024
| Host         : DESKTOP-9HOBVT1 running 64-bit major release  (build 9200)
| Command      : report_control_sets -verbose -file CHIP_SASEBO_GIII_AES_control_sets_placed.rpt
| Design       : CHIP_SASEBO_GIII_AES
| Device       : xc7k160t
-------------------------------------------------------------------------------------------------

Control Set Information

Table of Contents
-----------------
1. Summary
2. Histogram
3. Flip-Flop Distribution
4. Detailed Control Set Information

1. Summary
----------

+----------------------------------------------------------+-------+
|                          Status                          | Count |
+----------------------------------------------------------+-------+
| Total control sets                                       |     9 |
|    Minimum number of control sets                        |     9 |
|    Addition due to synthesis replication                 |     0 |
|    Addition due to physical synthesis replication        |     0 |
| Unused register locations in slices containing registers |     9 |
+----------------------------------------------------------+-------+
* Control sets can be merged at opt_design using control_set_merge or merge_equivalent_drivers
** Run report_qor_suggestions for automated merging and remapping suggestions


2. Histogram
------------

+--------------------+-------+
|       Fanout       | Count |
+--------------------+-------+
| Total control sets |     9 |
| >= 0 to < 4        |     0 |
| >= 4 to < 6        |     0 |
| >= 6 to < 8        |     0 |
| >= 8 to < 10       |     0 |
| >= 10 to < 12      |     0 |
| >= 12 to < 14      |     0 |
| >= 14 to < 16      |     0 |
| >= 16              |     9 |
+--------------------+-------+
* Control sets can be remapped at either synth_design or opt_design


3. Flip-Flop Distribution
-------------------------

+--------------+-----------------------+------------------------+-----------------+--------------+
| Clock Enable | Synchronous Set/Reset | Asynchronous Set/Reset | Total Registers | Total Slices |
+--------------+-----------------------+------------------------+-----------------+--------------+
| No           | No                    | No                     |             711 |          249 |
| No           | No                    | Yes                    |             695 |          214 |
| No           | Yes                   | No                     |               0 |            0 |
| Yes          | No                    | No                     |             941 |          291 |
| Yes          | No                    | Yes                    |             380 |           61 |
| Yes          | Yes                   | No                     |               0 |            0 |
+--------------+-----------------------+------------------------+-----------------+--------------+


4. Detailed Control Set Information
-----------------------------------

+----------------+----------------------------------+-----------------------+------------------+----------------+--------------+
|  Clock Signal  |           Enable Signal          |    Set/Reset Signal   | Slice Load Count | Bel Load Count | Bels / Slice |
+----------------+----------------------------------+-----------------------+------------------+----------------+--------------+
|  mk_clkrst/clk | lbus_wrn_IBUF                    |                       |                8 |             16 |         2.00 |
|  mk_clkrst/clk | p_0_in                           |                       |                6 |             16 |         2.67 |
|  mk_clkrst/clk | lbus_if/lbus_do[15]_i_1_n_0      |                       |                9 |             16 |         1.78 |
|  mk_clkrst/clk | blk_drdy_delay                   | AES_Composite_enc/rst |               20 |            124 |         6.20 |
|  mk_clkrst/clk | AES_Composite_enc/aes_top/DonexS | AES_Composite_enc/rst |               41 |            256 |         6.24 |
|  mk_clkrst/clk | AES_Composite_enc/Dvld           |                       |               60 |            256 |         4.27 |
|  mk_clkrst/clk | lbus_if/trig_wr                  |                       |              208 |            637 |         3.06 |
|  mk_clkrst/clk |                                  | AES_Composite_enc/rst |              214 |            695 |         3.25 |
|  mk_clkrst/clk |                                  |                       |              249 |            711 |         2.86 |
+----------------+----------------------------------+-----------------------+------------------+----------------+--------------+


