Copyright 1986-2021 Xilinx, Inc. All Rights Reserved.
---------------------------------------------------------------------------------------------------------------------------------------------------------------------------------------------------------------------------------------------------------
| Tool Version : Vivado v.2021.2 (win64) Build 3367213 Tue Oct 19 02:48:09 MDT 2021
| Date         : Wed Nov 20 21:56:16 2024
| Host         : DESKTOP-9HOBVT1 running 64-bit major release  (build 9200)
| Command      : report_timing_summary -max_paths 10 -report_unconstrained -file CHIP_SASEBO_GIII_AES_timing_summary_routed.rpt -pb CHIP_SASEBO_GIII_AES_timing_summary_routed.pb -rpx CHIP_SASEBO_GIII_AES_timing_summary_routed.rpx -warn_on_violation
| Design       : CHIP_SASEBO_GIII_AES
| Device       : 7k160t-fbg676
| Speed File   : -1  PRODUCTION 1.12 2017-02-17
---------------------------------------------------------------------------------------------------------------------------------------------------------------------------------------------------------------------------------------------------------

Timing Summary Report

------------------------------------------------------------------------------------------------
| Timer Settings
| --------------
------------------------------------------------------------------------------------------------

  Enable Multi Corner Analysis               :  Yes
  Enable Pessimism Removal                   :  Yes
  Pessimism Removal Resolution               :  Nearest Common Node
  Enable Input Delay Default Clock           :  No
  Enable Preset / Clear Arcs                 :  No
  Disable Flight Delays                      :  No
  Ignore I/O Paths                           :  No
  Timing Early Launch at Borrowing Latches   :  No
  Borrow Time for Max Delay Exceptions       :  Yes
  Merge Timing Exceptions                    :  Yes

  Corner  Analyze    Analyze    
  Name    Max Paths  Min Paths  
  ------  ---------  ---------  
  Slow    Yes        Yes        
  Fast    Yes        Yes        


------------------------------------------------------------------------------------------------
| Report Methodology
| ------------------
------------------------------------------------------------------------------------------------

Rule       Severity          Description                  Violations  
---------  ----------------  ---------------------------  ----------  
TIMING-17  Critical Warning  Non-clocked sequential cell  1000        

Note: This report is based on the most recent report_methodology run and may not be up-to-date. Run report_methodology on the current design for the latest report.



check_timing report

Table of Contents
-----------------
1. checking no_clock (2727)
2. checking constant_clock (0)
3. checking pulse_width_clock (0)
4. checking unconstrained_internal_endpoints (5123)
5. checking no_input_delay (18)
6. checking no_output_delay (23)
7. checking multiple_clock (0)
8. checking generated_clocks (0)
9. checking loops (0)
10. checking partial_input_delay (0)
11. checking partial_output_delay (0)
12. checking latch_loops (0)

1. checking no_clock (2727)
---------------------------
 There are 2727 register/latch pins with no clock driven by root clock pin: lbus_clkn (HIGH)


2. checking constant_clock (0)
------------------------------
 There are 0 register/latch pins with constant_clock.


3. checking pulse_width_clock (0)
---------------------------------
 There are 0 register/latch pins which need pulse_width check


4. checking unconstrained_internal_endpoints (5123)
---------------------------------------------------
 There are 5123 pins that are not constrained for maximum delay. (HIGH)

 There are 0 pins that are not constrained for maximum delay due to constant clock.


5. checking no_input_delay (18)
-------------------------------
 There are 18 input ports with no input delay specified. (HIGH)

 There are 0 input ports with no input delay but user has a false path constraint.


6. checking no_output_delay (23)
--------------------------------
 There are 23 ports with no output delay specified. (HIGH)

 There are 0 ports with no output delay but user has a false path constraint

 There are 0 ports with no output delay but with a timing clock defined on it or propagating through it


7. checking multiple_clock (0)
------------------------------
 There are 0 register/latch pins with multiple clocks.


8. checking generated_clocks (0)
--------------------------------
 There are 0 generated clocks that are not connected to a clock source.


9. checking loops (0)
---------------------
 There are 0 combinational loops in the design.


10. checking partial_input_delay (0)
------------------------------------
 There are 0 input ports with partial input delay specified.


11. checking partial_output_delay (0)
-------------------------------------
 There are 0 ports with partial output delay specified.


12. checking latch_loops (0)
----------------------------
 There are 0 combinational latch loops in the design through latch input



------------------------------------------------------------------------------------------------
| Design Timing Summary
| ---------------------
------------------------------------------------------------------------------------------------

    WNS(ns)      TNS(ns)  TNS Failing Endpoints  TNS Total Endpoints      WHS(ns)      THS(ns)  THS Failing Endpoints  THS Total Endpoints     WPWS(ns)     TPWS(ns)  TPWS Failing Endpoints  TPWS Total Endpoints  
    -------      -------  ---------------------  -------------------      -------      -------  ---------------------  -------------------     --------     --------  ----------------------  --------------------  
        inf        0.000                      0                 5147          inf        0.000                      0                 5147           NA           NA                      NA                    NA  


There are no user specified timing constraints.


------------------------------------------------------------------------------------------------
| Clock Summary
| -------------
------------------------------------------------------------------------------------------------


------------------------------------------------------------------------------------------------
| Intra Clock Table
| -----------------
------------------------------------------------------------------------------------------------

Clock             WNS(ns)      TNS(ns)  TNS Failing Endpoints  TNS Total Endpoints      WHS(ns)      THS(ns)  THS Failing Endpoints  THS Total Endpoints     WPWS(ns)     TPWS(ns)  TPWS Failing Endpoints  TPWS Total Endpoints  
-----             -------      -------  ---------------------  -------------------      -------      -------  ---------------------  -------------------     --------     --------  ----------------------  --------------------  


------------------------------------------------------------------------------------------------
| Inter Clock Table
| -----------------
------------------------------------------------------------------------------------------------

From Clock    To Clock          WNS(ns)      TNS(ns)  TNS Failing Endpoints  TNS Total Endpoints      WHS(ns)      THS(ns)  THS Failing Endpoints  THS Total Endpoints  
----------    --------          -------      -------  ---------------------  -------------------      -------      -------  ---------------------  -------------------  


------------------------------------------------------------------------------------------------
| Other Path Groups Table
| -----------------------
------------------------------------------------------------------------------------------------

Path Group    From Clock    To Clock          WNS(ns)      TNS(ns)  TNS Failing Endpoints  TNS Total Endpoints      WHS(ns)      THS(ns)  THS Failing Endpoints  THS Total Endpoints  
----------    ----------    --------          -------      -------  ---------------------  -------------------      -------      -------  ---------------------  -------------------  


------------------------------------------------------------------------------------------------
| User Ignored Path Table
| -----------------------
------------------------------------------------------------------------------------------------

Path Group    From Clock    To Clock    
----------    ----------    --------    


------------------------------------------------------------------------------------------------
| Unconstrained Path Table
| ------------------------
------------------------------------------------------------------------------------------------

Path Group    From Clock    To Clock    
----------    ----------    --------    
(none)                                    


------------------------------------------------------------------------------------------------
| Timing Details
| --------------
------------------------------------------------------------------------------------------------


--------------------------------------------------------------------------------------
Path Group:  (none)
From Clock:  
  To Clock:  

Max Delay          5147 Endpoints
Min Delay          5147 Endpoints
--------------------------------------------------------------------------------------


Max Delay Paths
--------------------------------------------------------------------------------------
Slack:                    inf
  Source:                 lbus_rstn
                            (input port)
  Destination:            led[1]
                            (output port)
  Path Group:             (none)
  Path Type:              Max at Slow Process Corner
  Data Path Delay:        10.819ns  (logic 4.230ns (39.099%)  route 6.589ns (60.901%))
  Logic Levels:           2  (IBUF=1 OBUF=1)

    Location             Delay type                Incr(ns)  Path(ns)    Netlist Resource(s)
  -------------------------------------------------------------------    -------------------
    AA13                                              0.000     0.000 r  lbus_rstn (IN)
                         net (fo=0)                   0.000     0.000    lbus_rstn
    AA13                 IBUF (Prop_ibuf_I_O)         0.835     0.835 r  lbus_rstn_IBUF_inst/O
                         net (fo=1, routed)           6.589     7.424    led_OBUF[1]
    H12                  OBUF (Prop_obuf_I_O)         3.396    10.819 r  led_OBUF[1]_inst/O
                         net (fo=0)                   0.000    10.819    led[1]
    H12                                                               r  led[1] (OUT)
  -------------------------------------------------------------------    -------------------

Slack:                    inf
  Source:                 lbus_if/lbus_do_reg[10]/C
                            (rising edge-triggered cell FDCE)
  Destination:            lbus_do[10]
                            (output port)
  Path Group:             (none)
  Path Type:              Max at Slow Process Corner
  Data Path Delay:        9.344ns  (logic 4.806ns (51.430%)  route 4.538ns (48.570%))
  Logic Levels:           2  (FDCE=1 OBUF=1)

    Location             Delay type                Incr(ns)  Path(ns)    Netlist Resource(s)
  -------------------------------------------------------------------    -------------------
    SLICE_X29Y82         FDCE                         0.000     0.000 r  lbus_if/lbus_do_reg[10]/C
    SLICE_X29Y82         FDCE (Prop_fdce_C_Q)         0.269     0.269 r  lbus_if/lbus_do_reg[10]/Q
                         net (fo=1, routed)           4.538     4.807    lbus_do_OBUF[10]
    U6                   OBUF (Prop_obuf_I_O)         4.537     9.344 r  lbus_do_OBUF[10]_inst/O
                         net (fo=0)                   0.000     9.344    lbus_do[10]
    U6                                                                r  lbus_do[10] (OUT)
  -------------------------------------------------------------------    -------------------

Slack:                    inf
  Source:                 lbus_if/lbus_do_reg[1]/C
                            (rising edge-triggered cell FDCE)
  Destination:            lbus_do[1]
                            (output port)
  Path Group:             (none)
  Path Type:              Max at Slow Process Corner
  Data Path Delay:        9.337ns  (logic 4.826ns (51.686%)  route 4.511ns (48.314%))
  Logic Levels:           2  (FDCE=1 OBUF=1)

    Location             Delay type                Incr(ns)  Path(ns)    Netlist Resource(s)
  -------------------------------------------------------------------    -------------------
    SLICE_X27Y79         FDCE                         0.000     0.000 r  lbus_if/lbus_do_reg[1]/C
    SLICE_X27Y79         FDCE (Prop_fdce_C_Q)         0.269     0.269 r  lbus_if/lbus_do_reg[1]/Q
                         net (fo=1, routed)           4.511     4.780    lbus_do_OBUF[1]
    V2                   OBUF (Prop_obuf_I_O)         4.557     9.337 r  lbus_do_OBUF[1]_inst/O
                         net (fo=0)                   0.000     9.337    lbus_do[1]
    V2                                                                r  lbus_do[1] (OUT)
  -------------------------------------------------------------------    -------------------

Slack:                    inf
  Source:                 lbus_if/lbus_do_reg[2]/C
                            (rising edge-triggered cell FDCE)
  Destination:            lbus_do[2]
                            (output port)
  Path Group:             (none)
  Path Type:              Max at Slow Process Corner
  Data Path Delay:        9.187ns  (logic 4.838ns (52.658%)  route 4.349ns (47.342%))
  Logic Levels:           2  (FDCE=1 OBUF=1)

    Location             Delay type                Incr(ns)  Path(ns)    Netlist Resource(s)
  -------------------------------------------------------------------    -------------------
    SLICE_X27Y80         FDCE                         0.000     0.000 r  lbus_if/lbus_do_reg[2]/C
    SLICE_X27Y80         FDCE (Prop_fdce_C_Q)         0.269     0.269 r  lbus_if/lbus_do_reg[2]/Q
                         net (fo=1, routed)           4.349     4.618    lbus_do_OBUF[2]
    W1                   OBUF (Prop_obuf_I_O)         4.569     9.187 r  lbus_do_OBUF[2]_inst/O
                         net (fo=0)                   0.000     9.187    lbus_do[2]
    W1                                                                r  lbus_do[2] (OUT)
  -------------------------------------------------------------------    -------------------

Slack:                    inf
  Source:                 lbus_if/lbus_do_reg[5]/C
                            (rising edge-triggered cell FDCE)
  Destination:            lbus_do[5]
                            (output port)
  Path Group:             (none)
  Path Type:              Max at Slow Process Corner
  Data Path Delay:        9.142ns  (logic 4.838ns (52.923%)  route 4.304ns (47.077%))
  Logic Levels:           2  (FDCE=1 OBUF=1)

    Location             Delay type                Incr(ns)  Path(ns)    Netlist Resource(s)
  -------------------------------------------------------------------    -------------------
    SLICE_X38Y83         FDCE                         0.000     0.000 r  lbus_if/lbus_do_reg[5]/C
    SLICE_X38Y83         FDCE (Prop_fdce_C_Q)         0.308     0.308 r  lbus_if/lbus_do_reg[5]/Q
                         net (fo=1, routed)           4.304     4.612    lbus_do_OBUF[5]
    U7                   OBUF (Prop_obuf_I_O)         4.530     9.142 r  lbus_do_OBUF[5]_inst/O
                         net (fo=0)                   0.000     9.142    lbus_do[5]
    U7                                                                r  lbus_do[5] (OUT)
  -------------------------------------------------------------------    -------------------

Slack:                    inf
  Source:                 lbus_if/lbus_do_reg[0]/C
                            (rising edge-triggered cell FDCE)
  Destination:            lbus_do[0]
                            (output port)
  Path Group:             (none)
  Path Type:              Max at Slow Process Corner
  Data Path Delay:        9.081ns  (logic 4.824ns (53.125%)  route 4.257ns (46.875%))
  Logic Levels:           2  (FDCE=1 OBUF=1)

    Location             Delay type                Incr(ns)  Path(ns)    Netlist Resource(s)
  -------------------------------------------------------------------    -------------------
    SLICE_X31Y80         FDCE                         0.000     0.000 r  lbus_if/lbus_do_reg[0]/C
    SLICE_X31Y80         FDCE (Prop_fdce_C_Q)         0.269     0.269 r  lbus_if/lbus_do_reg[0]/Q
                         net (fo=1, routed)           4.257     4.526    lbus_do_OBUF[0]
    V4                   OBUF (Prop_obuf_I_O)         4.555     9.081 r  lbus_do_OBUF[0]_inst/O
                         net (fo=0)                   0.000     9.081    lbus_do[0]
    V4                                                                r  lbus_do[0] (OUT)
  -------------------------------------------------------------------    -------------------

Slack:                    inf
  Source:                 lbus_if/lbus_do_reg[6]/C
                            (rising edge-triggered cell FDCE)
  Destination:            lbus_do[6]
                            (output port)
  Path Group:             (none)
  Path Type:              Max at Slow Process Corner
  Data Path Delay:        9.070ns  (logic 4.828ns (53.232%)  route 4.242ns (46.768%))
  Logic Levels:           2  (FDCE=1 OBUF=1)

    Location             Delay type                Incr(ns)  Path(ns)    Netlist Resource(s)
  -------------------------------------------------------------------    -------------------
    SLICE_X36Y82         FDCE                         0.000     0.000 r  lbus_if/lbus_do_reg[6]/C
    SLICE_X36Y82         FDCE (Prop_fdce_C_Q)         0.269     0.269 r  lbus_if/lbus_do_reg[6]/Q
                         net (fo=1, routed)           4.242     4.511    lbus_do_OBUF[6]
    V3                   OBUF (Prop_obuf_I_O)         4.559     9.070 r  lbus_do_OBUF[6]_inst/O
                         net (fo=0)                   0.000     9.070    lbus_do[6]
    V3                                                                r  lbus_do[6] (OUT)
  -------------------------------------------------------------------    -------------------

Slack:                    inf
  Source:                 lbus_if/lbus_do_reg[4]/C
                            (rising edge-triggered cell FDCE)
  Destination:            lbus_do[4]
                            (output port)
  Path Group:             (none)
  Path Type:              Max at Slow Process Corner
  Data Path Delay:        8.868ns  (logic 4.876ns (54.979%)  route 3.993ns (45.021%))
  Logic Levels:           2  (FDCE=1 OBUF=1)

    Location             Delay type                Incr(ns)  Path(ns)    Netlist Resource(s)
  -------------------------------------------------------------------    -------------------
    SLICE_X38Y83         FDCE                         0.000     0.000 r  lbus_if/lbus_do_reg[4]/C
    SLICE_X38Y83         FDCE (Prop_fdce_C_Q)         0.308     0.308 r  lbus_if/lbus_do_reg[4]/Q
                         net (fo=1, routed)           3.993     4.301    lbus_do_OBUF[4]
    Y3                   OBUF (Prop_obuf_I_O)         4.568     8.868 r  lbus_do_OBUF[4]_inst/O
                         net (fo=0)                   0.000     8.868    lbus_do[4]
    Y3                                                                r  lbus_do[4] (OUT)
  -------------------------------------------------------------------    -------------------

Slack:                    inf
  Source:                 lbus_if/lbus_do_reg[3]/C
                            (rising edge-triggered cell FDCE)
  Destination:            lbus_do[3]
                            (output port)
  Path Group:             (none)
  Path Type:              Max at Slow Process Corner
  Data Path Delay:        8.826ns  (logic 4.858ns (55.042%)  route 3.968ns (44.958%))
  Logic Levels:           2  (FDCE=1 OBUF=1)

    Location             Delay type                Incr(ns)  Path(ns)    Netlist Resource(s)
  -------------------------------------------------------------------    -------------------
    SLICE_X41Y79         FDCE                         0.000     0.000 r  lbus_if/lbus_do_reg[3]/C
    SLICE_X41Y79         FDCE (Prop_fdce_C_Q)         0.269     0.269 r  lbus_if/lbus_do_reg[3]/Q
                         net (fo=1, routed)           3.968     4.237    lbus_do_OBUF[3]
    AB1                  OBUF (Prop_obuf_I_O)         4.589     8.826 r  lbus_do_OBUF[3]_inst/O
                         net (fo=0)                   0.000     8.826    lbus_do[3]
    AB1                                                               r  lbus_do[3] (OUT)
  -------------------------------------------------------------------    -------------------

Slack:                    inf
  Source:                 lbus_if/lbus_do_reg[14]/C
                            (rising edge-triggered cell FDCE)
  Destination:            lbus_do[14]
                            (output port)
  Path Group:             (none)
  Path Type:              Max at Slow Process Corner
  Data Path Delay:        8.777ns  (logic 4.842ns (55.172%)  route 3.934ns (44.828%))
  Logic Levels:           2  (FDCE=1 OBUF=1)

    Location             Delay type                Incr(ns)  Path(ns)    Netlist Resource(s)
  -------------------------------------------------------------------    -------------------
    SLICE_X33Y82         FDCE                         0.000     0.000 r  lbus_if/lbus_do_reg[14]/C
    SLICE_X33Y82         FDCE (Prop_fdce_C_Q)         0.269     0.269 r  lbus_if/lbus_do_reg[14]/Q
                         net (fo=1, routed)           3.934     4.203    lbus_do_OBUF[14]
    AA4                  OBUF (Prop_obuf_I_O)         4.573     8.777 r  lbus_do_OBUF[14]_inst/O
                         net (fo=0)                   0.000     8.777    lbus_do[14]
    AA4                                                               r  lbus_do[14] (OUT)
  -------------------------------------------------------------------    -------------------





Min Delay Paths
--------------------------------------------------------------------------------------
Slack:                    inf
  Source:                 AES_Composite_enc/Cipher1_reg[7]/C
                            (rising edge-triggered cell FDCE)
  Destination:            AES_Composite_enc/Cipher1_reg[15]/D
  Path Group:             (none)
  Path Type:              Min at Fast Process Corner
  Data Path Delay:        0.152ns  (logic 0.091ns (60.003%)  route 0.061ns (39.997%))
  Logic Levels:           1  (FDCE=1)

    Location             Delay type                Incr(ns)  Path(ns)    Netlist Resource(s)
  -------------------------------------------------------------------    -------------------
    SLICE_X39Y77         FDCE                         0.000     0.000 r  AES_Composite_enc/Cipher1_reg[7]/C
    SLICE_X39Y77         FDCE (Prop_fdce_C_Q)         0.091     0.091 r  AES_Composite_enc/Cipher1_reg[7]/Q
                         net (fo=2, routed)           0.061     0.152    AES_Composite_enc/Cipher1[7]
    SLICE_X39Y77         FDCE                                         r  AES_Composite_enc/Cipher1_reg[15]/D
  -------------------------------------------------------------------    -------------------

Slack:                    inf
  Source:                 AES_Composite_enc/aes_top/aes_state_regs1/S11xDP_reg[5]/C
                            (rising edge-triggered cell FDRE)
  Destination:            AES_Composite_enc/aes_top/aes_state_regs1/S01xDP_reg[5]/D
  Path Group:             (none)
  Path Type:              Min at Fast Process Corner
  Data Path Delay:        0.155ns  (logic 0.100ns (64.432%)  route 0.055ns (35.568%))
  Logic Levels:           1  (FDRE=1)

    Location             Delay type                Incr(ns)  Path(ns)    Netlist Resource(s)
  -------------------------------------------------------------------    -------------------
    SLICE_X33Y53         FDRE                         0.000     0.000 r  AES_Composite_enc/aes_top/aes_state_regs1/S11xDP_reg[5]/C
    SLICE_X33Y53         FDRE (Prop_fdre_C_Q)         0.100     0.100 r  AES_Composite_enc/aes_top/aes_state_regs1/S11xDP_reg[5]/Q
                         net (fo=1, routed)           0.055     0.155    AES_Composite_enc/aes_top/aes_state_regs1/S11xDP[5]
    SLICE_X33Y53         FDRE                                         r  AES_Composite_enc/aes_top/aes_state_regs1/S01xDP_reg[5]/D
  -------------------------------------------------------------------    -------------------

Slack:                    inf
  Source:                 AES_Composite_enc/aes_top/aes_state_regs1/S13xDP_reg[1]/C
                            (rising edge-triggered cell FDRE)
  Destination:            AES_Composite_enc/aes_top/aes_state_regs1/S03xDP_reg[1]/D
  Path Group:             (none)
  Path Type:              Min at Fast Process Corner
  Data Path Delay:        0.155ns  (logic 0.100ns (64.432%)  route 0.055ns (35.568%))
  Logic Levels:           1  (FDRE=1)

    Location             Delay type                Incr(ns)  Path(ns)    Netlist Resource(s)
  -------------------------------------------------------------------    -------------------
    SLICE_X25Y55         FDRE                         0.000     0.000 r  AES_Composite_enc/aes_top/aes_state_regs1/S13xDP_reg[1]/C
    SLICE_X25Y55         FDRE (Prop_fdre_C_Q)         0.100     0.100 r  AES_Composite_enc/aes_top/aes_state_regs1/S13xDP_reg[1]/Q
                         net (fo=1, routed)           0.055     0.155    AES_Composite_enc/aes_top/aes_state_regs1/S13xDP[1]
    SLICE_X25Y55         FDRE                                         r  AES_Composite_enc/aes_top/aes_state_regs1/S03xDP_reg[1]/D
  -------------------------------------------------------------------    -------------------

Slack:                    inf
  Source:                 AES_Composite_enc/aes_top/aes_state_regs1/S13xDP_reg[4]/C
                            (rising edge-triggered cell FDRE)
  Destination:            AES_Composite_enc/aes_top/aes_state_regs1/S03xDP_reg[4]/D
  Path Group:             (none)
  Path Type:              Min at Fast Process Corner
  Data Path Delay:        0.155ns  (logic 0.100ns (64.432%)  route 0.055ns (35.568%))
  Logic Levels:           1  (FDRE=1)

    Location             Delay type                Incr(ns)  Path(ns)    Netlist Resource(s)
  -------------------------------------------------------------------    -------------------
    SLICE_X33Y57         FDRE                         0.000     0.000 r  AES_Composite_enc/aes_top/aes_state_regs1/S13xDP_reg[4]/C
    SLICE_X33Y57         FDRE (Prop_fdre_C_Q)         0.100     0.100 r  AES_Composite_enc/aes_top/aes_state_regs1/S13xDP_reg[4]/Q
                         net (fo=1, routed)           0.055     0.155    AES_Composite_enc/aes_top/aes_state_regs1/S13xDP[4]
    SLICE_X33Y57         FDRE                                         r  AES_Composite_enc/aes_top/aes_state_regs1/S03xDP_reg[4]/D
  -------------------------------------------------------------------    -------------------

Slack:                    inf
  Source:                 AES_Composite_enc/aes_top/aes_state_regs1/S13xDP_reg[6]/C
                            (rising edge-triggered cell FDRE)
  Destination:            AES_Composite_enc/aes_top/aes_state_regs1/S03xDP_reg[6]/D
  Path Group:             (none)
  Path Type:              Min at Fast Process Corner
  Data Path Delay:        0.155ns  (logic 0.100ns (64.432%)  route 0.055ns (35.568%))
  Logic Levels:           1  (FDRE=1)

    Location             Delay type                Incr(ns)  Path(ns)    Netlist Resource(s)
  -------------------------------------------------------------------    -------------------
    SLICE_X31Y53         FDRE                         0.000     0.000 r  AES_Composite_enc/aes_top/aes_state_regs1/S13xDP_reg[6]/C
    SLICE_X31Y53         FDRE (Prop_fdre_C_Q)         0.100     0.100 r  AES_Composite_enc/aes_top/aes_state_regs1/S13xDP_reg[6]/Q
                         net (fo=1, routed)           0.055     0.155    AES_Composite_enc/aes_top/aes_state_regs1/S13xDP[6]
    SLICE_X31Y53         FDRE                                         r  AES_Composite_enc/aes_top/aes_state_regs1/S03xDP_reg[6]/D
  -------------------------------------------------------------------    -------------------

Slack:                    inf
  Source:                 AES_Composite_enc/aes_top/aes_state_regs2/S11xDP_reg[4]/C
                            (rising edge-triggered cell FDRE)
  Destination:            AES_Composite_enc/aes_top/aes_state_regs2/S01xDP_reg[4]/D
  Path Group:             (none)
  Path Type:              Min at Fast Process Corner
  Data Path Delay:        0.155ns  (logic 0.100ns (64.432%)  route 0.055ns (35.568%))
  Logic Levels:           1  (FDRE=1)

    Location             Delay type                Incr(ns)  Path(ns)    Netlist Resource(s)
  -------------------------------------------------------------------    -------------------
    SLICE_X41Y55         FDRE                         0.000     0.000 r  AES_Composite_enc/aes_top/aes_state_regs2/S11xDP_reg[4]/C
    SLICE_X41Y55         FDRE (Prop_fdre_C_Q)         0.100     0.100 r  AES_Composite_enc/aes_top/aes_state_regs2/S11xDP_reg[4]/Q
                         net (fo=1, routed)           0.055     0.155    AES_Composite_enc/aes_top/aes_state_regs2/S11xDP[4]
    SLICE_X41Y55         FDRE                                         r  AES_Composite_enc/aes_top/aes_state_regs2/S01xDP_reg[4]/D
  -------------------------------------------------------------------    -------------------

Slack:                    inf
  Source:                 AES_Composite_enc/aes_top/aes_state_regs2/S11xDP_reg[5]/C
                            (rising edge-triggered cell FDRE)
  Destination:            AES_Composite_enc/aes_top/aes_state_regs2/S01xDP_reg[5]/D
  Path Group:             (none)
  Path Type:              Min at Fast Process Corner
  Data Path Delay:        0.155ns  (logic 0.100ns (64.432%)  route 0.055ns (35.568%))
  Logic Levels:           1  (FDRE=1)

    Location             Delay type                Incr(ns)  Path(ns)    Netlist Resource(s)
  -------------------------------------------------------------------    -------------------
    SLICE_X41Y59         FDRE                         0.000     0.000 r  AES_Composite_enc/aes_top/aes_state_regs2/S11xDP_reg[5]/C
    SLICE_X41Y59         FDRE (Prop_fdre_C_Q)         0.100     0.100 r  AES_Composite_enc/aes_top/aes_state_regs2/S11xDP_reg[5]/Q
                         net (fo=1, routed)           0.055     0.155    AES_Composite_enc/aes_top/aes_state_regs2/S11xDP[5]
    SLICE_X41Y59         FDRE                                         r  AES_Composite_enc/aes_top/aes_state_regs2/S01xDP_reg[5]/D
  -------------------------------------------------------------------    -------------------

Slack:                    inf
  Source:                 AES_Composite_enc/aes_top/aes_state_regs2/S12xDP_reg[0]/C
                            (rising edge-triggered cell FDRE)
  Destination:            AES_Composite_enc/aes_top/aes_state_regs2/S02xDP_reg[0]/D
  Path Group:             (none)
  Path Type:              Min at Fast Process Corner
  Data Path Delay:        0.155ns  (logic 0.100ns (64.432%)  route 0.055ns (35.568%))
  Logic Levels:           1  (FDRE=1)

    Location             Delay type                Incr(ns)  Path(ns)    Netlist Resource(s)
  -------------------------------------------------------------------    -------------------
    SLICE_X35Y57         FDRE                         0.000     0.000 r  AES_Composite_enc/aes_top/aes_state_regs2/S12xDP_reg[0]/C
    SLICE_X35Y57         FDRE (Prop_fdre_C_Q)         0.100     0.100 r  AES_Composite_enc/aes_top/aes_state_regs2/S12xDP_reg[0]/Q
                         net (fo=1, routed)           0.055     0.155    AES_Composite_enc/aes_top/aes_state_regs2/S12xDP[0]
    SLICE_X35Y57         FDRE                                         r  AES_Composite_enc/aes_top/aes_state_regs2/S02xDP_reg[0]/D
  -------------------------------------------------------------------    -------------------

Slack:                    inf
  Source:                 AES_Composite_enc/aes_top/aes_state_regs2/S12xDP_reg[1]/C
                            (rising edge-triggered cell FDRE)
  Destination:            AES_Composite_enc/aes_top/aes_state_regs2/S02xDP_reg[1]/D
  Path Group:             (none)
  Path Type:              Min at Fast Process Corner
  Data Path Delay:        0.155ns  (logic 0.100ns (64.432%)  route 0.055ns (35.568%))
  Logic Levels:           1  (FDRE=1)

    Location             Delay type                Incr(ns)  Path(ns)    Netlist Resource(s)
  -------------------------------------------------------------------    -------------------
    SLICE_X25Y62         FDRE                         0.000     0.000 r  AES_Composite_enc/aes_top/aes_state_regs2/S12xDP_reg[1]/C
    SLICE_X25Y62         FDRE (Prop_fdre_C_Q)         0.100     0.100 r  AES_Composite_enc/aes_top/aes_state_regs2/S12xDP_reg[1]/Q
                         net (fo=1, routed)           0.055     0.155    AES_Composite_enc/aes_top/aes_state_regs2/S12xDP[1]
    SLICE_X25Y62         FDRE                                         r  AES_Composite_enc/aes_top/aes_state_regs2/S02xDP_reg[1]/D
  -------------------------------------------------------------------    -------------------

Slack:                    inf
  Source:                 AES_Composite_enc/aes_top/aes_state_regs2/S12xDP_reg[4]/C
                            (rising edge-triggered cell FDRE)
  Destination:            AES_Composite_enc/aes_top/aes_state_regs2/S02xDP_reg[4]/D
  Path Group:             (none)
  Path Type:              Min at Fast Process Corner
  Data Path Delay:        0.155ns  (logic 0.100ns (64.432%)  route 0.055ns (35.568%))
  Logic Levels:           1  (FDRE=1)

    Location             Delay type                Incr(ns)  Path(ns)    Netlist Resource(s)
  -------------------------------------------------------------------    -------------------
    SLICE_X41Y55         FDRE                         0.000     0.000 r  AES_Composite_enc/aes_top/aes_state_regs2/S12xDP_reg[4]/C
    SLICE_X41Y55         FDRE (Prop_fdre_C_Q)         0.100     0.100 r  AES_Composite_enc/aes_top/aes_state_regs2/S12xDP_reg[4]/Q
                         net (fo=1, routed)           0.055     0.155    AES_Composite_enc/aes_top/aes_state_regs2/S12xDP[4]
    SLICE_X41Y55         FDRE                                         r  AES_Composite_enc/aes_top/aes_state_regs2/S02xDP_reg[4]/D
  -------------------------------------------------------------------    -------------------





