#-----------------------------------------------------------
# Vivado v2021.2 (64-bit)
# SW Build 3367213 on Tue Oct 19 02:48:09 MDT 2021
# IP Build 3369179 on Thu Oct 21 08:25:16 MDT 2021
# Start of session at: Wed Nov 20 21:57:00 2024
# Process ID: 2104
# Current directory: E:/sakura-x/aes/first_order/low_resource_random_b/low_resource_random_b/low_resource_random_b.runs/impl_1
# Command line: vivado.exe -log CHIP_SASEBO_GIII_AES.vdi -applog -product Vivado -messageDb vivado.pb -mode batch -source CHIP_SASEBO_GIII_AES.tcl -notrace
# Log file: E:/sakura-x/aes/first_order/low_resource_random_b/low_resource_random_b/low_resource_random_b.runs/impl_1/CHIP_SASEBO_GIII_AES.vdi
# Journal file: E:/sakura-x/aes/first_order/low_resource_random_b/low_resource_random_b/low_resource_random_b.runs/impl_1\vivado.jou
# Running On: DESKTOP-9HOBVT1, OS: Windows, CPU Frequency: 2904 MHz, CPU Physical cores: 8, Host memory: 34166 MB
#-----------------------------------------------------------
source CHIP_SASEBO_GIII_AES.tcl -notrace
