Release 14.7 Map P.20131013 (nt)
Xilinx Mapping Report File for Design 'aes_top'

Design Information
------------------
Command Line   : map -intstyle ise -p xc6slx75-csg484-2 -w -logic_opt off -ol
high -t 1 -xt 0 -register_duplication off -r 4 -global_opt off -mt off -ir off
-pr off -lc off -power off -o aes_top_map.ncd aes_top.ngd aes_top.pcf 
Target Device  : xc6slx75
Target Package : csg484
Target Speed   : -2
Mapper Version : spartan6 -- $Revision: 1.55 $
Mapped Date    : Mon Jan 20 15:45:15 2025

Design Summary
--------------
Number of errors:      0
Number of warnings:    0
Slice Logic Utilization:
  Number of Slice Registers:                   562 out of  93,296    1%
    Number used as Flip Flops:                 562
    Number used as Latches:                      0
    Number used as Latch-thrus:                  0
    Number used as AND/OR logics:                0
  Number of Slice LUTs:                        561 out of  46,648    1%
    Number used as logic:                      512 out of  46,648    1%
      Number using O6 output only:             359
      Number using O5 output only:               0
      Number using O5 and O6:                  153
      Number used as ROM:                        0
    Number used as Memory:                      28 out of  11,072    1%
      Number used as Dual Port RAM:              0
      Number used as Single Port RAM:            0
      Number used as Shift Register:            28
        Number using O6 output only:             0
        Number using O5 output only:             0
        Number using O5 and O6:                 28
    Number used exclusively as route-thrus:     21
      Number with same-slice register load:     21
      Number with same-slice carry load:         0
      Number with other load:                    0

Slice Logic Distribution:
  Number of occupied Slices:                   212 out of  11,662    1%
  Number of MUXCYs used:                         0 out of  23,324    0%
  Number of LUT Flip Flop pairs used:          620
    Number with an unused Flip Flop:           199 out of     620   32%
    Number with an unused LUT:                  59 out of     620    9%
    Number of fully used LUT-FF pairs:         362 out of     620   58%
    Number of unique control sets:               6
    Number of slice register sites lost
      to control set restrictions:               6 out of  93,296    1%

  A LUT Flip Flop pair for this architecture represents one LUT paired with
  one Flip Flop within a slice.  A control set is a unique combination of
  clock, reset, set, and enable signals for a registered element.
  The Slice Logic Distribution report is not meaningful if the design is
  over-mapped for a non-slice resource or if Placement fails.

IO Utilization:
  Number of bonded IOBs:                        84 out of     328   25%

Specific Feature Utilization:
  Number of RAMB16BWERs:                         0 out of     172    0%
  Number of RAMB8BWERs:                          0 out of     344    0%
  Number of BUFIO2/BUFIO2_2CLKs:                 0 out of      32    0%
  Number of BUFIO2FB/BUFIO2FB_2CLKs:             0 out of      32    0%
  Number of BUFG/BUFGMUXs:                       1 out of      16    6%
    Number used as BUFGs:                        1
    Number used as BUFGMUX:                      0
  Number of DCM/DCM_CLKGENs:                     0 out of      12    0%
  Number of ILOGIC2/ISERDES2s:                   0 out of     442    0%
  Number of IODELAY2/IODRP2/IODRP2_MCBs:         0 out of     442    0%
  Number of OLOGIC2/OSERDES2s:                   0 out of     442    0%
  Number of BSCANs:                              0 out of       4    0%
  Number of BUFHs:                               0 out of     384    0%
  Number of BUFPLLs:                             0 out of       8    0%
  Number of BUFPLL_MCBs:                         0 out of       4    0%
  Number of DSP48A1s:                            0 out of     132    0%
  Number of ICAPs:                               0 out of       1    0%
  Number of MCBs:                                0 out of       4    0%
  Number of PCILOGICSEs:                         0 out of       2    0%
  Number of PLL_ADVs:                            0 out of       6    0%
  Number of PMVs:                                0 out of       1    0%
  Number of STARTUPs:                            0 out of       1    0%
  Number of SUSPEND_SYNCs:                       0 out of       1    0%

Average Fanout of Non-Clock Nets:                3.12

Peak Memory Usage:  375 MB
Total REAL time to MAP completion:  20 secs 
Total CPU time to MAP completion:   20 secs 

Table of Contents
-----------------
Section 1 - Errors
Section 2 - Warnings
Section 3 - Informational
Section 4 - Removed Logic Summary
Section 5 - Removed Logic
Section 6 - IOB Properties
Section 7 - RPMs
Section 8 - Guide Report
Section 9 - Area Group and Partition Summary
Section 10 - Timing Report
Section 11 - Configuration String Information
Section 12 - Control Set Information
Section 13 - Utilization by Hierarchy

Section 1 - Errors
------------------

Section 2 - Warnings
--------------------

Section 3 - Informational
-------------------------
INFO:MapLib:562 - No environment variables are currently set.
INFO:LIT:244 - All of the single ended outputs in this design are using slew
   rate limited output drivers. The delay on speed critical single ended outputs
   can be dramatically reduced by designating them as fast outputs.
INFO:Pack:1716 - Initializing temperature to 85.000 Celsius. (default - Range:
   0.000 to 85.000 Celsius)
INFO:Pack:1720 - Initializing voltage to 1.140 Volts. (default - Range: 1.140 to
   1.260 Volts)
INFO:Map:215 - The Interim Design Summary has been generated in the MAP Report
   (.mrp).
INFO:Pack:1650 - Map created a placed design.

Section 4 - Removed Logic Summary
---------------------------------
   2 block(s) optimized away

Section 5 - Removed Logic
-------------------------

Optimized Block(s):
TYPE 		BLOCK
GND 		XST_GND
VCC 		XST_VCC

To enable printing of redundant blocks removed and signals merged, set the
detailed map report option and rerun map.

Section 6 - IOB Properties
--------------------------

+---------------------------------------------------------------------------------------------------------------------------------------------------------+
| IOB Name                           | Type             | Direction | IO Standard          | Diff  | Drive    | Slew | Reg (s)      | Resistor | IOB      |
|                                    |                  |           |                      | Term  | Strength | Rate |              |          | Delay    |
+---------------------------------------------------------------------------------------------------------------------------------------------------------+
| ClkxCI                             | IOB              | INPUT     | LVCMOS25             |       |          |      |              |          |          |
| CxDO0<0>                           | IOB              | OUTPUT    | LVCMOS25             |       | 12       | SLOW |              |          |          |
| CxDO0<1>                           | IOB              | OUTPUT    | LVCMOS25             |       | 12       | SLOW |              |          |          |
| CxDO0<2>                           | IOB              | OUTPUT    | LVCMOS25             |       | 12       | SLOW |              |          |          |
| CxDO0<3>                           | IOB              | OUTPUT    | LVCMOS25             |       | 12       | SLOW |              |          |          |
| CxDO0<4>                           | IOB              | OUTPUT    | LVCMOS25             |       | 12       | SLOW |              |          |          |
| CxDO0<5>                           | IOB              | OUTPUT    | LVCMOS25             |       | 12       | SLOW |              |          |          |
| CxDO0<6>                           | IOB              | OUTPUT    | LVCMOS25             |       | 12       | SLOW |              |          |          |
| CxDO0<7>                           | IOB              | OUTPUT    | LVCMOS25             |       | 12       | SLOW |              |          |          |
| CxDO1<0>                           | IOB              | OUTPUT    | LVCMOS25             |       | 12       | SLOW |              |          |          |
| CxDO1<1>                           | IOB              | OUTPUT    | LVCMOS25             |       | 12       | SLOW |              |          |          |
| CxDO1<2>                           | IOB              | OUTPUT    | LVCMOS25             |       | 12       | SLOW |              |          |          |
| CxDO1<3>                           | IOB              | OUTPUT    | LVCMOS25             |       | 12       | SLOW |              |          |          |
| CxDO1<4>                           | IOB              | OUTPUT    | LVCMOS25             |       | 12       | SLOW |              |          |          |
| CxDO1<5>                           | IOB              | OUTPUT    | LVCMOS25             |       | 12       | SLOW |              |          |          |
| CxDO1<6>                           | IOB              | OUTPUT    | LVCMOS25             |       | 12       | SLOW |              |          |          |
| CxDO1<7>                           | IOB              | OUTPUT    | LVCMOS25             |       | 12       | SLOW |              |          |          |
| DonexS                             | IOB              | OUTPUT    | LVCMOS25             |       | 12       | SLOW |              |          |          |
| KxDI0<0>                           | IOB              | INPUT     | LVCMOS25             |       |          |      |              |          |          |
| KxDI0<1>                           | IOB              | INPUT     | LVCMOS25             |       |          |      |              |          |          |
| KxDI0<2>                           | IOB              | INPUT     | LVCMOS25             |       |          |      |              |          |          |
| KxDI0<3>                           | IOB              | INPUT     | LVCMOS25             |       |          |      |              |          |          |
| KxDI0<4>                           | IOB              | INPUT     | LVCMOS25             |       |          |      |              |          |          |
| KxDI0<5>                           | IOB              | INPUT     | LVCMOS25             |       |          |      |              |          |          |
| KxDI0<6>                           | IOB              | INPUT     | LVCMOS25             |       |          |      |              |          |          |
| KxDI0<7>                           | IOB              | INPUT     | LVCMOS25             |       |          |      |              |          |          |
| KxDI1<0>                           | IOB              | INPUT     | LVCMOS25             |       |          |      |              |          |          |
| KxDI1<1>                           | IOB              | INPUT     | LVCMOS25             |       |          |      |              |          |          |
| KxDI1<2>                           | IOB              | INPUT     | LVCMOS25             |       |          |      |              |          |          |
| KxDI1<3>                           | IOB              | INPUT     | LVCMOS25             |       |          |      |              |          |          |
| KxDI1<4>                           | IOB              | INPUT     | LVCMOS25             |       |          |      |              |          |          |
| KxDI1<5>                           | IOB              | INPUT     | LVCMOS25             |       |          |      |              |          |          |
| KxDI1<6>                           | IOB              | INPUT     | LVCMOS25             |       |          |      |              |          |          |
| KxDI1<7>                           | IOB              | INPUT     | LVCMOS25             |       |          |      |              |          |          |
| PTxDI0<0>                          | IOB              | INPUT     | LVCMOS25             |       |          |      |              |          |          |
| PTxDI0<1>                          | IOB              | INPUT     | LVCMOS25             |       |          |      |              |          |          |
| PTxDI0<2>                          | IOB              | INPUT     | LVCMOS25             |       |          |      |              |          |          |
| PTxDI0<3>                          | IOB              | INPUT     | LVCMOS25             |       |          |      |              |          |          |
| PTxDI0<4>                          | IOB              | INPUT     | LVCMOS25             |       |          |      |              |          |          |
| PTxDI0<5>                          | IOB              | INPUT     | LVCMOS25             |       |          |      |              |          |          |
| PTxDI0<6>                          | IOB              | INPUT     | LVCMOS25             |       |          |      |              |          |          |
| PTxDI0<7>                          | IOB              | INPUT     | LVCMOS25             |       |          |      |              |          |          |
| PTxDI1<0>                          | IOB              | INPUT     | LVCMOS25             |       |          |      |              |          |          |
| PTxDI1<1>                          | IOB              | INPUT     | LVCMOS25             |       |          |      |              |          |          |
| PTxDI1<2>                          | IOB              | INPUT     | LVCMOS25             |       |          |      |              |          |          |
| PTxDI1<3>                          | IOB              | INPUT     | LVCMOS25             |       |          |      |              |          |          |
| PTxDI1<4>                          | IOB              | INPUT     | LVCMOS25             |       |          |      |              |          |          |
| PTxDI1<5>                          | IOB              | INPUT     | LVCMOS25             |       |          |      |              |          |          |
| PTxDI1<6>                          | IOB              | INPUT     | LVCMOS25             |       |          |      |              |          |          |
| PTxDI1<7>                          | IOB              | INPUT     | LVCMOS25             |       |          |      |              |          |          |
| RstxBI                             | IOB              | INPUT     | LVCMOS25             |       |          |      |              |          |          |
| StartxSI                           | IOB              | INPUT     | LVCMOS25             |       |          |      |              |          |          |
| guard<0>                           | IOB              | INPUT     | LVCMOS25             |       |          |      |              |          |          |
| guard<1>                           | IOB              | INPUT     | LVCMOS25             |       |          |      |              |          |          |
| guard<2>                           | IOB              | INPUT     | LVCMOS25             |       |          |      |              |          |          |
| guard<3>                           | IOB              | INPUT     | LVCMOS25             |       |          |      |              |          |          |
| guard<4>                           | IOB              | INPUT     | LVCMOS25             |       |          |      |              |          |          |
| guard<5>                           | IOB              | INPUT     | LVCMOS25             |       |          |      |              |          |          |
| guard<6>                           | IOB              | INPUT     | LVCMOS25             |       |          |      |              |          |          |
| guard<7>                           | IOB              | INPUT     | LVCMOS25             |       |          |      |              |          |          |
| random<0>                          | IOB              | INPUT     | LVCMOS25             |       |          |      |              |          |          |
| random<1>                          | IOB              | INPUT     | LVCMOS25             |       |          |      |              |          |          |
| random<2>                          | IOB              | INPUT     | LVCMOS25             |       |          |      |              |          |          |
| random<3>                          | IOB              | INPUT     | LVCMOS25             |       |          |      |              |          |          |
| random<4>                          | IOB              | INPUT     | LVCMOS25             |       |          |      |              |          |          |
| random<5>                          | IOB              | INPUT     | LVCMOS25             |       |          |      |              |          |          |
| random<6>                          | IOB              | INPUT     | LVCMOS25             |       |          |      |              |          |          |
| random<7>                          | IOB              | INPUT     | LVCMOS25             |       |          |      |              |          |          |
| random<8>                          | IOB              | INPUT     | LVCMOS25             |       |          |      |              |          |          |
| random<9>                          | IOB              | INPUT     | LVCMOS25             |       |          |      |              |          |          |
| random<10>                         | IOB              | INPUT     | LVCMOS25             |       |          |      |              |          |          |
| random<11>                         | IOB              | INPUT     | LVCMOS25             |       |          |      |              |          |          |
| random<12>                         | IOB              | INPUT     | LVCMOS25             |       |          |      |              |          |          |
| random<13>                         | IOB              | INPUT     | LVCMOS25             |       |          |      |              |          |          |
| random<14>                         | IOB              | INPUT     | LVCMOS25             |       |          |      |              |          |          |
| random<15>                         | IOB              | INPUT     | LVCMOS25             |       |          |      |              |          |          |
| random<16>                         | IOB              | INPUT     | LVCMOS25             |       |          |      |              |          |          |
| random<17>                         | IOB              | INPUT     | LVCMOS25             |       |          |      |              |          |          |
| random<18>                         | IOB              | INPUT     | LVCMOS25             |       |          |      |              |          |          |
| random<19>                         | IOB              | INPUT     | LVCMOS25             |       |          |      |              |          |          |
| random<20>                         | IOB              | INPUT     | LVCMOS25             |       |          |      |              |          |          |
| random<21>                         | IOB              | INPUT     | LVCMOS25             |       |          |      |              |          |          |
| random<22>                         | IOB              | INPUT     | LVCMOS25             |       |          |      |              |          |          |
| rg_start                           | IOB              | INPUT     | LVCMOS25             |       |          |      |              |          |          |
+---------------------------------------------------------------------------------------------------------------------------------------------------------+

Section 7 - RPMs
----------------

Section 8 - Guide Report
------------------------
Guide not run on this design.

Section 9 - Area Group and Partition Summary
--------------------------------------------

Partition Implementation Status
-------------------------------

  No Partitions were found in this design.

-------------------------------

Area Group Information
----------------------

  No area groups were found in this design.

----------------------

Section 10 - Timing Report
--------------------------
A logic-level (pre-route) timing report can be generated by using Xilinx static
timing analysis tools, Timing Analyzer (GUI) or TRCE (command line), with the
mapped NCD and PCF files. Please note that this timing report will be generated
using estimated delay information. For accurate numbers, please generate a
timing report with the post Place and Route NCD file.

For more information about the Timing Analyzer, consult the Xilinx Timing
Analyzer Reference Manual; for more information about TRCE, consult the Xilinx
Command Line Tools User Guide "TRACE" chapter.

Section 11 - Configuration String Details
-----------------------------------------
Use the "-detail" map option to print out Configuration Strings

Section 12 - Control Set Information
------------------------------------
Use the "-detail" map option to print out Control Set Information.

Section 13 - Utilization by Hierarchy
-------------------------------------
Use the "-detail" map option to print out the Utilization by Hierarchy section.
