#-----------------------------------------------------------
# Vivado v2021.2 (64-bit)
# SW Build 3367213 on Tue Oct 19 02:48:09 MDT 2021
# IP Build 3369179 on Thu Oct 21 08:25:16 MDT 2021
# Start of session at: Wed Nov 20 21:49:00 2024
# Process ID: 10140
# Current directory: E:/sakura-x/aes/first_order/low_resource_random_b/low_resource_random_b
# Command line: vivado.exe -gui_launcher_event rodinguilauncherevent22336 E:\sakura-x\aes\first_order\low_resource_random_b\low_resource_random_b\low_resource_random_b.xpr
# Log file: E:/sakura-x/aes/first_order/low_resource_random_b/low_resource_random_b/vivado.log
# Journal file: E:/sakura-x/aes/first_order/low_resource_random_b/low_resource_random_b\vivado.jou
# Running On: DESKTOP-9HOBVT1, OS: Windows, CPU Frequency: 2904 MHz, CPU Physical cores: 8, Host memory: 34166 MB
#-----------------------------------------------------------
start_gui
open_project E:/sakura-x/aes/first_order/low_resource_random_b/low_resource_random_b/low_resource_random_b.xpr
update_compile_order -fileset sources_1
reset_run synth_1
launch_runs synth_1 -jobs 16
wait_on_run synth_1
launch_runs impl_1 -jobs 16
wait_on_run impl_1
launch_runs impl_1 -to_step write_bitstream -jobs 16
wait_on_run impl_1
open_hw_manager
connect_hw_server -allow_non_jtag
open_hw_target
set_property PROGRAM.FILE {E:/sakura-x/aes/first_order/low_resource_random_b/low_resource_random_b/low_resource_random_b.runs/impl_1/CHIP_SASEBO_GIII_AES.bit} [get_hw_devices xc7k160t_0]
current_hw_device [get_hw_devices xc7k160t_0]
refresh_hw_device -update_hw_probes false [lindex [get_hw_devices xc7k160t_0] 0]
set_property PROBES.FILE {} [get_hw_devices xc7k160t_0]
set_property FULL_PROBES.FILE {} [get_hw_devices xc7k160t_0]
set_property PROGRAM.FILE {E:/sakura-x/aes/first_order/low_resource_random_b/low_resource_random_b/low_resource_random_b.runs/impl_1/CHIP_SASEBO_GIII_AES.bit} [get_hw_devices xc7k160t_0]
program_hw_devices [get_hw_devices xc7k160t_0]
refresh_hw_device [lindex [get_hw_devices xc7k160t_0] 0]
